// Jest Snapshot v1, https://goo.gl/fbAQLP

exports[`Store Snapshot Testing... renders store component correctly 1`] = `<store />`;
